i-0a812577ea16442fc	[2J[01;01H[=3h[2J[01;01H[2J[01;01H[=3h[2J[01;01H[2J[01;01H[=3h[2J[01;01H[0m[35m[40m[2J[01;01H[=3h[2J[01;01H[0m[37m[40mGRUB_FORCE_PARTUUID set, attempting initrdless boot.
[    0.000000] Linux version 6.8.0-1046-aws (buildd@lcy02-amd64-034) (x86_64-linux-gnu-gcc-12 (Ubuntu 12.3.0-1ubuntu1~22.04.2) 12.3.0, GNU ld (GNU Binutils for Ubuntu) 2.38) #49~22.04.1-Ubuntu SMP Mon Feb  2 16:17:58 UTC 2026 (Ubuntu 6.8.0-1046.49~22.04.1-aws 6.8.12)
[    0.000000] Command line: BOOT_IMAGE=/boot/vmlinuz-6.8.0-1046-aws root=PARTUUID=e155fcae-eea7-41b8-82b9-8643a0b80a97 ro console=tty1 console=ttyS0 nvme_core.io_timeout=4294967295 panic=-1
[    0.000000] KERNEL supported cpus:
[    0.000000]   Intel GenuineIntel
[    0.000000]   AMD AuthenticAMD
[    0.000000]   Hygon HygonGenuine
[    0.000000]   Centaur CentaurHauls
[    0.000000]   zhaoxin   Shanghai  
[    0.000000] BIOS-provided physical RAM map:
[    0.000000] BIOS-e820: [mem 0x0000000000000000-0x000000000009ffff] usable
[    0.000000] BIOS-e820: [mem 0x0000000000100000-0x00000000786cdfff] usable
[    0.000000] BIOS-e820: [mem 0x00000000786ce000-0x000000007894dfff] reserved
[    0.000000] BIOS-e820: [mem 0x000000007894e000-0x000000007895dfff] ACPI data
[    0.000000] BIOS-e820: [mem 0x000000007895e000-0x00000000789ddfff] ACPI NVS
[    0.000000] BIOS-e820: [mem 0x00000000789de000-0x000000007c97bfff] usable
[    0.000000] BIOS-e820: [mem 0x000000007c97c000-0x000000007c9fffff] reserved
[    0.000000] NX (Execute Disable) protection: active
[    0.000000] APIC: Static calls initialized
[    0.000000] extended physical RAM map:
[    0.000000] reserve setup_data: [mem 0x0000000000000000-0x000000000009ffff] usable
[    0.000000] reserve setup_data: [mem 0x0000000000100000-0x000000007688d017] usable
[    0.000000] reserve setup_data: [mem 0x000000007688d018-0x0000000076895e57] usable
[    0.000000] reserve setup_data: [mem 0x0000000076895e58-0x00000000786cdfff] usable
[    0.000000] reserve setup_data: [mem 0x00000000786ce000-0x000000007894dfff] reserved
[    0.000000] reserve setup_data: [mem 0x000000007894e000-0x000000007895dfff] ACPI data
[    0.000000] reserve setup_data: [mem 0x000000007895e000-0x00000000789ddfff] ACPI NVS
[    0.000000] reserve setup_data: [mem 0x00000000789de000-0x000000007c97bfff] usable
[    0.000000] reserve setup_data: [mem 0x000000007c97c000-0x000000007c9fffff] reserved
[    0.000000] efi: EFI v2.7 by EDK II
[    0.000000] efi: SMBIOS=0x7886a000 ACPI=0x7895d000 ACPI 2.0=0x7895d014 MEMATTR=0x7700f018 MOKvar=0x78858000 
[    0.000000] secureboot: Secure boot disabled
[    0.000000] SMBIOS 2.7 present.
[    0.000000] DMI: Amazon EC2 t3.small/, BIOS 1.0 10/16/2017
[    0.000000] Hypervisor detected: KVM
[    0.000000] kvm-clock: Using msrs 4b564d01 and 4b564d00
[    0.000001] kvm-clock: using sched offset of 1837535360 cycles
[    0.000003] clocksource: kvm-clock: mask: 0xffffffffffffffff max_cycles: 0x1cd42e4dffb, max_idle_ns: 881590591483 ns
[    0.000006] tsc: Detected 2499.998 MHz processor
[    0.000103] last_pfn = 0x7c97c max_arch_pfn = 0x400000000
[    0.000134] MTRR map: 4 entries (2 fixed + 2 variable; max 18), built from 8 variable MTRRs
[    0.000137] x86/PAT: Configuration [0-7]: WB  WC  UC- UC  WB  WP  UC- WT  
[    0.007693] Using GB pages for direct mapping
[    0.008070] secureboot: Secure boot disabled
[    0.008071] RAMDISK: [mem 0x72267000-0x72efefff]
[    0.008082] ACPI: Early table checksum verification disabled
[    0.008085] ACPI: RSDP 0x000000007895D014 000024 (v02 AMAZON)
[    0.008090] ACPI: XSDT 0x000000007895C0E8 00006C (v01 AMAZON AMZNFACP 00000001      01000013)
[    0.008097] ACPI: FACP 0x0000000078955000 000114 (v01 AMAZON AMZNFACP 00000001 AMZN 00000001)
[    0.008103] ACPI: DSDT 0x0000000078956000 00115A (v01 AMAZON AMZNDSDT 00000001 AMZN 00000001)
[    0.008107] ACPI: FACS 0x00000000789D0000 000040
[    0.008111] ACPI: WAET 0x000000007895B000 000028 (v01 AMAZON AMZNWAET 00000001 AMZN 00000001)
[    0.008114] ACPI: SLIT 0x000000007895A000 00006C (v01 AMAZON AMZNSLIT 00000001 AMZN 00000001)
[    0.008118] ACPI: APIC 0x0000000078959000 000076 (v01 AMAZON AMZNAPIC 00000001 AMZN 00000001)
[    0.008122] ACPI: SRAT 0x0000000078958000 0000A0 (v01 AMAZON AMZNSRAT 00000001 AMZN 00000001)
[    0.008125] ACPI: HPET 0x0000000078954000 000038 (v01 AMAZON AMZNHPET 00000001 AMZN 00000001)
[    0.008129] ACPI: SSDT 0x0000000078953000 000759 (v01 AMAZON AMZNSSDT 00000001 AMZN 00000001)
[    0.008133] ACPI: SSDT 0x0000000078952000 00007F (v01 AMAZON AMZNSSDT 00000001 AMZN 00000001)
[    0.008136] ACPI: BGRT 0x0000000078951000 000038 (v01 AMAZON AMAZON   00000002      01000013)
[    0.008139] ACPI: Reserving FACP table memory at [mem 0x78955000-0x78955113]
[    0.008141] ACPI: Reserving DSDT table memory at [mem 0x78956000-0x78957159]
[    0.008142] ACPI: Reserving FACS table memory at [mem 0x789d0000-0x789d003f]
[    0.008143] ACPI: Reserving WAET table memory at [mem 0x7895b000-0x7895b027]
[    0.008144] ACPI: Reserving SLIT table memory at [mem 0x7895a000-0x7895a06b]
[    0.008145] ACPI: Reserving APIC table memory at [mem 0x78959000-0x78959075]
[    0.008146] ACPI: Reserving SRAT table memory at [mem 0x78958000-0x7895809f]
[    0.008147] ACPI: Reserving HPET table memory at [mem 0x78954000-0x78954037]
[    0.008148] ACPI: Reserving SSDT table memory at [mem 0x78953000-0x78953758]
[    0.008149] ACPI: Reserving SSDT table memory at [mem 0x78952000-0x7895207e]
[    0.008150] ACPI: Reserving BGRT table memory at [mem 0x78951000-0x78951037]
[    0.008279] SRAT: PXM 0 -> APIC 0x00 -> Node 0
[    0.008282] SRAT: PXM 0 -> APIC 0x01 -> Node 0
[    0.008285] ACPI: SRAT: Node 0 PXM 0 [mem 0x00000000-0x7fffffff]
[    0.008314] NODE_DATA(0) allocated [mem 0x7a8cb000-0x7a8f5fff]
[    0.008508] Zone ranges:
[    0.008509]   DMA      [mem 0x0000000000001000-0x0000000000ffffff]
[    0.008511]   DMA32    [mem 0x0000000001000000-0x000000007c97bfff]
[    0.008513]   Normal   empty
[    0.008514]   Device   empty
[    0.008515] Movable zone start for each node
[    0.008518] Early memory node ranges
[    0.008519]   node   0: [mem 0x0000000000001000-0x000000000009ffff]
[    0.008520]   node   0: [mem 0x0000000000100000-0x00000000786cdfff]
[    0.008522]   node   0: [mem 0x00000000789de000-0x000000007c97bfff]
[    0.008523] Initmem setup node 0 [mem 0x0000000000001000-0x000000007c97bfff]
[    0.008531] On node 0, zone DMA: 1 pages in unavailable ranges
[    0.008562] On node 0, zone DMA: 96 pages in unavailable ranges
[    0.012019] On node 0, zone DMA32: 784 pages in unavailable ranges
[    0.012167] On node 0, zone DMA32: 13956 pages in unavailable ranges
[    0.012590] ACPI: PM-Timer IO Port: 0xb008
[    0.012603] ACPI: LAPIC_NMI (acpi_id[0xff] dfl dfl lint[0x1])
[    0.012661] IOAPIC[0]: apic_id 0, version 32, address 0xfec00000, GSI 0-23
[    0.012665] ACPI: INT_SRC_OVR (bus 0 bus_irq 5 global_irq 5 high level)
[    0.012667] ACPI: INT_SRC_OVR (bus 0 bus_irq 9 global_irq 9 high level)
[    0.012669] ACPI: INT_SRC_OVR (bus 0 bus_irq 10 global_irq 10 high level)
[    0.012671] ACPI: INT_SRC_OVR (bus 0 bus_irq 11 global_irq 11 high level)
[    0.012675] ACPI: Using ACPI (MADT) for SMP configuration information
[    0.012677] ACPI: HPET id: 0x8086a201 base: 0xfed00000
[    0.012698] TSC deadline timer available
[    0.012699] smpboot: Allowing 2 CPUs, 0 hotplug CPUs
[    0.012719] kvm-guest: APIC: eoi() replaced with kvm_guest_apic_eoi_write()
[    0.012735] PM: hibernation: Registered nosave memory: [mem 0x00000000-0x00000fff]
[    0.012738] PM: hibernation: Registered nosave memory: [mem 0x000a0000-0x000fffff]
[    0.012739] PM: hibernation: Registered nosave memory: [mem 0x76953000-0x7696efff]
[    0.012741] PM: hibernation: Registered nosave memory: [mem 0x786ce000-0x789ddfff]
[    0.012744] [mem 0x7ca00000-0xffffffff] available for PCI devices
[    0.012745] Booting paravirtualized kernel on KVM
[    0.012747] clocksource: refined-jiffies: mask: 0xffffffff max_cycles: 0xffffffff, max_idle_ns: 1910969940391419 ns
[    0.012756] setup_percpu: NR_CPUS:8192 nr_cpumask_bits:2 nr_cpu_ids:2 nr_node_ids:1
[    0.013041] percpu: Embedded 85 pages/cpu s225280 r8192 d114688 u1048576
[    0.013562] kvm-guest: PV spinlocks enabled
[    0.013565] PV qspinlock hash table entries: 256 (order: 0, 4096 bytes, linear)
[    0.013568] Kernel command line: BOOT_IMAGE=/boot/vmlinuz-6.8.0-1046-aws root=PARTUUID=e155fcae-eea7-41b8-82b9-8643a0b80a97 ro console=tty1 console=ttyS0 nvme_core.io_timeout=4294967295 panic=-1
[    0.013643] Unknown kernel command line parameters "BOOT_IMAGE=/boot/vmlinuz-6.8.0-1046-aws", will be passed to user space.
[    0.013653] random: crng init done
[    0.013870] Dentry cache hash table entries: 262144 (order: 9, 2097152 bytes, linear)
[    0.013980] Inode-cache hash table entries: 131072 (order: 8, 1048576 bytes, linear)
[    0.014037] Fallback order for Node 0: 0 
[    0.014040] Built 1 zonelists, mobility grouping on.  Total pages: 501318
[    0.014042] Policy zone: DMA32
[    0.014048] mem auto-init: stack:all(zero), heap alloc:on, heap free:off
[    0.019052] Memory: 1883420K/2037804K available (22528K kernel code, 4441K rwdata, 14052K rodata, 5024K init, 4688K bss, 154124K reserved, 0K cma-reserved)
[    0.020056] SLUB: HWalign=64, Order=0-3, MinObjects=0, CPUs=2, Nodes=1
[    0.020069] Kernel/User page tables isolation: enabled
[    0.020103] ftrace: allocating 58556 entries in 229 pages
[    0.020188] ftrace section at ffffffffb5ca6600 sorted properly
[    0.032141] ftrace: allocated 229 pages with 5 groups
[    0.032322] rcu: Hierarchical RCU implementation.
[    0.032324] rcu: 	RCU restricting CPUs from NR_CPUS=8192 to nr_cpu_ids=2.
[    0.032325] 	Rude variant of Tasks RCU enabled.
[    0.032326] 	Tracing variant of Tasks RCU enabled.
[    0.032327] rcu: RCU calculated value of scheduler-enlistment delay is 100 jiffies.
[    0.032328] rcu: Adjusting geometry for rcu_fanout_leaf=16, nr_cpu_ids=2
[    0.032337] RCU Tasks Rude: Setting shift to 1 and lim to 1 rcu_task_cb_adjust=1 rcu_task_cpu_ids=2.
[    0.032339] RCU Tasks Trace: Setting shift to 1 and lim to 1 rcu_task_cb_adjust=1 rcu_task_cpu_ids=2.
[    0.036157] NR_IRQS: 524544, nr_irqs: 440, preallocated irqs: 16
[    0.036412] rcu: srcu_init: Setting srcu_struct sizes based on contention.
[    0.036497] Console: colour dummy device 80x25
[    0.036500] printk: legacy console [tty1] enabled
[    0.036770] printk: legacy console [ttyS0] enabled
[    0.165469] ACPI: Core revision 20230628
[    0.166291] clocksource: hpet: mask: 0xffffffff max_cycles: 0xffffffff, max_idle_ns: 30580167144 ns
[    0.167592] APIC: Switch to symmetric I/O mode setup
[    0.168734] x2apic enabled
[    0.169600] APIC: Switched APIC routing to: physical x2apic
[    0.172171] clocksource: tsc-early: mask: 0xffffffffffffffff max_cycles: 0x240937b9988, max_idle_ns: 440795218083 ns
[    0.173669] Calibrating delay loop (skipped) preset value.. 4999.99 BogoMIPS (lpj=2499998)
[    0.174665] Last level iTLB entries: 4KB 64, 2MB 8, 4MB 8
[    0.174665] Last level dTLB entries: 4KB 64, 2MB 32, 4MB 32, 1GB 4
[    0.174665] Spectre V1 : Mitigation: usercopy/swapgs barriers and __user pointer sanitization
[    0.174665] Spectre V2 : Mitigation: Retpolines
[    0.174665] Spectre V2 : Spectre v2 / SpectreRSB: Filling RSB on context switch and VMEXIT
[    0.174665] RETBleed: WARNING: Spectre v2 mitigation leaves CPU vulnerable to RETBleed attacks, data leaks possible!
[    0.174665] RETBleed: Vulnerable
[    0.174665] Speculative Store Bypass: Vulnerable
[    0.174665] MDS: Vulnerable: Clear CPU buffers attempted, no microcode
[    0.174665] MMIO Stale Data: Vulnerable: Clear CPU buffers attempted, no microcode
[    0.174665] GDS: Unknown: Dependent on hypervisor status
[    0.174665] ITS: WARNING: ITS mitigation depends on retpoline and rethunk support
[    0.174665] ITS: Vulnerable
[    0.174665] x86/fpu: Supporting XSAVE feature 0x001: 'x87 floating point registers'
[    0.174665] x86/fpu: Supporting XSAVE feature 0x002: 'SSE registers'
[    0.174665] x86/fpu: Supporting XSAVE feature 0x004: 'AVX registers'
[    0.174665] x86/fpu: Supporting XSAVE feature 0x008: 'MPX bounds registers'
[    0.174665] x86/fpu: Supporting XSAVE feature 0x010: 'MPX CSR'
[    0.174665] x86/fpu: Supporting XSAVE feature 0x020: 'AVX-512 opmask'
[    0.174665] x86/fpu: Supporting XSAVE feature 0x040: 'AVX-512 Hi256'
[    0.174665] x86/fpu: Supporting XSAVE feature 0x080: 'AVX-512 ZMM_Hi256'
[    0.174665] x86/fpu: Supporting XSAVE feature 0x200: 'Protection Keys User registers'
[    0.174665] x86/fpu: xstate_offset[2]:  576, xstate_sizes[2]:  256
[    0.174665] x86/fpu: xstate_offset[3]:  832, xstate_sizes[3]:   64
[    0.174665] x86/fpu: xstate_offset[4]:  896, xstate_sizes[4]:   64
[    0.174665] x86/fpu: xstate_offset[5]:  960, xstate_sizes[5]:   64
[    0.174665] x86/fpu: xstate_offset[6]: 1024, xstate_sizes[6]:  512
[    0.174665] x86/fpu: xstate_offset[7]: 1536, xstate_sizes[7]: 1024
[    0.174665] x86/fpu: xstate_offset[9]: 2560, xstate_sizes[9]:    8
[    0.174665] x86/fpu: Enabled xstate features 0x2ff, context size is 2568 bytes, using 'compacted' format.
[    0.174665] Freeing SMP alternatives memory: 48K
[    0.174665] pid_max: default: 32768 minimum: 301
[    0.174665] LSM: initializing lsm=lockdown,capability,landlock,yama,apparmor,integrity
[    0.174665] landlock: Up and running.
[    0.174665] Yama: becoming mindful.
[    0.174665] AppArmor: AppArmor initialized
[    0.174665] Mount-cache hash table entries: 4096 (order: 3, 32768 bytes, linear)
[    0.174665] Mountpoint-cache hash table entries: 4096 (order: 3, 32768 bytes, linear)
[    0.174665] smpboot: CPU0: Intel(R) Xeon(R) Platinum 8259CL CPU @ 2.50GHz (family: 0x6, model: 0x55, stepping: 0x7)
[    0.174895] Performance Events: unsupported p6 CPU model 85 no PMU driver, software events only.
[    0.175702] signal: max sigframe size: 3632
[    0.176356] rcu: Hierarchical SRCU implementation.
[    0.176669] rcu: 	Max phase no-delay instances is 400.
[    0.177722] NMI watchdog: Perf NMI watchdog permanently disabled
[    0.178625] smp: Bringing up secondary CPUs ...
[    0.178822] smpboot: x86: Booting SMP configuration:
[    0.179549] .... node  #0, CPUs:      #1
[    0.181671] Transient Scheduler Attacks: MDS CPU bug present and SMT on, data leak possible. See https://www.kernel.org/doc/html/latest/admin-guide/hw-vuln/mds.html for more details.
[    0.182680] Transient Scheduler Attacks: MMIO Stale Data CPU bug present and SMT on, data leak possible. See https://www.kernel.org/doc/html/latest/admin-guide/hw-vuln/processor_mmio_stale_data.html for more details.
[    0.183735] smp: Brought up 1 node, 2 CPUs
[    0.184338] smpboot: Max logical packages: 1
[    0.184671] smpboot: Total of 2 processors activated (9999.99 BogoMIPS)
[    0.185897] devtmpfs: initialized
[    0.185897] x86/mm: Memory block size: 128MB
[    0.187710] ACPI: PM: Registering ACPI NVS region [mem 0x7895e000-0x789ddfff] (524288 bytes)
[    0.188762] clocksource: jiffies: mask: 0xffffffff max_cycles: 0xffffffff, max_idle_ns: 1911260446275000 ns
[    0.189682] futex hash table entries: 512 (order: 3, 32768 bytes, linear)
[    0.190775] pinctrl core: initialized pinctrl subsystem
[    0.191670] PM: RTC time: 20:19:35, date: 2026-02-20
[    0.193233] NET: Registered PF_NETLINK/PF_ROUTE protocol family
[    0.193840] DMA: preallocated 256 KiB GFP_KERNEL pool for atomic allocations
[    0.194827] DMA: preallocated 256 KiB GFP_KERNEL|GFP_DMA pool for atomic allocations
[    0.195720] DMA: preallocated 256 KiB GFP_KERNEL|GFP_DMA32 pool for atomic allocations
[    0.196690] audit: initializing netlink subsys (disabled)
[    0.197482] audit: type=2000 audit(1771618776.550:1): state=initialized audit_enabled=0 res=1
[    0.197482] thermal_sys: Registered thermal governor 'fair_share'
[    0.197675] thermal_sys: Registered thermal governor 'bang_bang'
[    0.198582] thermal_sys: Registered thermal governor 'step_wise'
[    0.198673] thermal_sys: Registered thermal governor 'user_space'
[    0.199548] thermal_sys: Registered thermal governor 'power_allocator'
[    0.201668] cpuidle: using governor ladder
[    0.202684] cpuidle: using governor menu
[    0.203385] acpiphp: ACPI Hot Plug PCI Controller Driver version: 0.5
[    0.203850] PCI: Using configuration type 1 for base access
[    0.204814] kprobes: kprobe jump-optimization is enabled. All kprobes are optimized if possible.
[    0.211247] HugeTLB: registered 1.00 GiB page size, pre-allocated 0 pages
[    0.211672] HugeTLB: 16380 KiB vmemmap can be freed for a 1.00 GiB page
[    0.212624] HugeTLB: registered 2.00 MiB page size, pre-allocated 0 pages
[    0.212671] HugeTLB: 28 KiB vmemmap can be freed for a 2.00 MiB page
[    0.236827] fbcon: Taking over console
[    0.237700] ACPI: Added _OSI(Module Device)
[    0.238313] ACPI: Added _OSI(Processor Device)
[    0.238670] ACPI: Added _OSI(Processor Aggregator Device)
[    0.240600] ACPI: 3 ACPI AML tables successfully acquired and loaded
[    0.240957] ACPI: _OSC evaluation for CPUs failed, trying _PDC
[    0.241871] ACPI: Interpreter enabled
[    0.242420] ACPI: PM: (supports S0 S4 S5)
[    0.242670] ACPI: Using IOAPIC for interrupt routing
[    0.243513] PCI: Using host bridge windows from ACPI; if necessary, use "pci=nocrs" and report a bug
[    0.243672] PCI: Using E820 reservations for host bridge windows
[    0.244646] ACPI: Enabled 2 GPEs in block 00 to 0F
[    0.247178] ACPI: PCI Root Bridge [PCI0] (domain 0000 [bus 00-ff])
[    0.247674] acpi PNP0A03:00: _OSC: OS supports [ASPM ClockPM Segments MSI EDR HPX-Type3]
[    0.248670] acpi PNP0A03:00: _OSC: not requesting OS control; OS requires [ExtendedConfig ASPM ClockPM MSI]
[    0.249678] acpi PNP0A03:00: fail to add MMCONFIG information, can't access extended configuration space under this bridge
[    0.251029] acpiphp: Slot [3] registered
[    0.251623] acpiphp: Slot [4] registered
[    0.251683] acpiphp: Slot [5] registered
[    0.252265] acpiphp: Slot [6] registered
[    0.252683] acpiphp: Slot [7] registered
[    0.253269] acpiphp: Slot [8] registered
[    0.253683] acpiphp: Slot [9] registered
[    0.254266] acpiphp: Slot [10] registered
[    0.254682] acpiphp: Slot [11] registered
[    0.255276] acpiphp: Slot [12] registered
[    0.255682] acpiphp: Slot [13] registered
[    0.256331] acpiphp: Slot [14] registered
[    0.256688] acpiphp: Slot [15] registered
[    0.257280] acpiphp: Slot [16] registered
[    0.257682] acpiphp: Slot [17] registered
[    0.258277] acpiphp: Slot [18] registered
[    0.258682] acpiphp: Slot [19] registered
[    0.259274] acpiphp: Slot [20] registered
[    0.259683] acpiphp: Slot [21] registered
[    0.260279] acpiphp: Slot [22] registered
[    0.260683] acpiphp: Slot [23] registered
[    0.261277] acpiphp: Slot [24] registered
[    0.261683] acpiphp: Slot [25] registered
[    0.262276] acpiphp: Slot [26] registered
[    0.262682] acpiphp: Slot [27] registered
[    0.263276] acpiphp: Slot [28] registered
[    0.263684] acpiphp: Slot [29] registered
[    0.264291] acpiphp: Slot [30] registered
[    0.264683] acpiphp: Slot [31] registered
[    0.265279] PCI host bridge to bus 0000:00
[    0.265670] pci_bus 0000:00: root bus resource [io  0x0000-0x0cf7 window]
[    0.266648] pci_bus 0000:00: root bus resource [io  0x0d00-0xffff window]
[    0.266669] pci_bus 0000:00: root bus resource [mem 0x000a0000-0x000bffff window]
[    0.267669] pci_bus 0000:00: root bus resource [mem 0x80000000-0xfebfffff window]
[    0.268669] pci_bus 0000:00: root bus resource [mem 0x100000000-0x2000ffffffff window]
[    0.269671] pci_bus 0000:00: root bus resource [bus 00-ff]
[    0.270527] pci 0000:00:00.0: [8086:1237] type 00 class 0x060000 conventional PCI endpoint
[    0.271150] pci 0000:00:01.0: [8086:7000] type 00 class 0x060100 conventional PCI endpoint
[    0.272571] pci 0000:00:01.3: [8086:7113] type 00 class 0x000000 conventional PCI endpoint
[    0.273315] pci 0000:00:01.3: quirk: [io  0xb000-0xb03f] claimed by PIIX4 ACPI
[    0.273741] pci 0000:00:01.3: PIIX4 devres E PIO at fff0-ffff
[    0.274588] pci 0000:00:01.3: PIIX4 devres F MMIO at ffc00000-ffffffff
[    0.274683] pci 0000:00:01.3: PIIX4 devres G PIO at fff0-ffff
[    0.275513] pci 0000:00:01.3: PIIX4 devres H MMIO at ffc00000-ffffffff
[    0.275683] pci 0000:00:01.3: PIIX4 devres I PIO at fff0-ffff
[    0.276518] pci 0000:00:01.3: PIIX4 devres J PIO at fff0-ffff
[    0.277168] pci 0000:00:03.0: [1d0f:1111] type 00 class 0x030000 conventional PCI endpoint
[    0.278693] pci 0000:00:03.0: BAR 0 [mem 0x80000000-0x803fffff pref]
[    0.279695] pci 0000:00:03.0: ROM [mem 0xffff0000-0xffffffff pref]
[    0.280683] pci 0000:00:03.0: Video device with shadowed ROM at [mem 0x000c0000-0x000dffff]
[    0.282028] pci 0000:00:04.0: [1d0f:8061] type 00 class 0x010802 PCIe Endpoint
[    0.284449] pci 0000:00:04.0: BAR 0 [mem 0x80404000-0x80407fff]
[    0.285283] pci 0000:00:05.0: [1d0f:ec20] type 00 class 0x020000 PCIe Endpoint
[    0.286683] pci 0000:00:05.0: BAR 0 [mem 0x80400000-0x80403fff]
[    0.294140] ACPI: PCI: Interrupt link LNKA configured for IRQ 10
[    0.294777] ACPI: PCI: Interrupt link LNKB configured for IRQ 10
[    0.295754] ACPI: PCI: Interrupt link LNKC configured for IRQ 11
[    0.296737] ACPI: PCI: Interrupt link LNKD configured for IRQ 11
[    0.297672] ACPI: PCI: Interrupt link LNKS configured for IRQ 9
[    0.298863] iommu: Default domain type: Translated
[    0.299671] iommu: DMA domain TLB invalidation policy: lazy mode
[    0.300778] SCSI subsystem initialized
[    0.301344] ACPI: bus type USB registered
[    0.301688] usbcore: registered new interface driver usbfs
[    0.302480] usbcore: registered new interface driver hub
[    0.302677] usbcore: registered new device driver usb
[    0.303433] pps_core: LinuxPPS API ver. 1 registered
[    0.303668] pps_core: Software ver. 5.3.6 - Copyright 2005-2007 Rodolfo Giometti <giometti@linux.it>
[    0.304672] PTP clock support registered
[    0.305278] EDAC MC: Ver: 3.0.0
[    0.305862] efivars: Registered efivars operations
[    0.306910] NetLabel: Initializing
[    0.307422] NetLabel:  domain hash size = 128
[    0.307669] NetLabel:  protocols = UNLABELED CIPSOv4 CALIPSO
[    0.308510] NetLabel:  unlabeled traffic allowed by default
[    0.308699] mctp: management component transport protocol core
[    0.309527] NET: Registered PF_MCTP protocol family
[    0.309679] PCI: Using ACPI for IRQ routing
[    0.310471] pci 0000:00:03.0: vgaarb: setting as boot VGA device
[    0.310629] pci 0000:00:03.0: vgaarb: bridge control possible
[    0.310665] pci 0000:00:03.0: vgaarb: VGA device added: decodes=io+mem,owns=io+mem,locks=none
[    0.310670] vgaarb: loaded
[    0.311086] hpet0: at MMIO 0xfed00000, IRQs 2, 8, 0, 0, 0, 0, 0, 0
[    0.311646] hpet0: 8 comparators, 32-bit 62.500000 MHz counter
[    0.315712] clocksource: Switched to clocksource kvm-clock
[    0.317358] VFS: Disk quotas dquot_6.6.0
[    0.317954] VFS: Dquot-cache hash table entries: 512 (order 0, 4096 bytes)
[    0.319108] AppArmor: AppArmor Filesystem Enabled
[    0.319848] pnp: PnP ACPI init
[    0.320771] pnp: PnP ACPI: found 5 devices
[    0.329212] clocksource: acpi_pm: mask: 0xffffff max_cycles: 0xffffff, max_idle_ns: 2085701024 ns
[    0.330588] NET: Registered PF_INET protocol family
[    0.331397] IP idents hash table entries: 32768 (order: 6, 262144 bytes, linear)
[    0.348590] tcp_listen_portaddr_hash hash table entries: 1024 (order: 2, 16384 bytes, linear)
[    0.349894] Table-perturb hash table entries: 65536 (order: 6, 262144 bytes, linear)
[    0.351058] TCP established hash table entries: 16384 (order: 5, 131072 bytes, linear)
[    0.352330] TCP bind hash table entries: 16384 (order: 7, 524288 bytes, linear)
[    0.353477] TCP: Hash tables configured (established 16384 bind 16384)
[    0.354512] MPTCP token hash table entries: 2048 (order: 3, 49152 bytes, linear)
[    0.355615] UDP hash table entries: 1024 (order: 3, 32768 bytes, linear)
[    0.356622] UDP-Lite hash table entries: 1024 (order: 3, 32768 bytes, linear)
[    0.357726] NET: Registered PF_UNIX/PF_LOCAL protocol family
[    0.358565] NET: Registered PF_XDP protocol family
[    0.359276] pci_bus 0000:00: resource 4 [io  0x0000-0x0cf7 window]
[    0.360181] pci_bus 0000:00: resource 5 [io  0x0d00-0xffff window]
[    0.361080] pci_bus 0000:00: resource 6 [mem 0x000a0000-0x000bffff window]
[    0.362071] pci_bus 0000:00: resource 7 [mem 0x80000000-0xfebfffff window]
[    0.363070] pci_bus 0000:00: resource 8 [mem 0x100000000-0x2000ffffffff window]
[    0.364197] pci 0000:00:00.0: Limiting direct PCI/PCI transfers
[    0.365154] PCI: CLS 0 bytes, default 64
[    0.365854] clocksource: tsc: mask: 0xffffffffffffffff max_cycles: 0x240937b9988, max_idle_ns: 440795218083 ns
[    0.365873] Trying to unpack rootfs image as initramfs...
[    0.368737] clocksource: Switched to clocksource tsc
[    0.370309] Initialise system trusted keyrings
[    0.371271] Key type blacklist registered
[    0.372218] workingset: timestamp_bits=36 max_order=19 bucket_order=0
[    0.373587] zbud: loaded
[    0.374484] squashfs: version 4.0 (2009/01/31) Phillip Lougher
[    0.375895] fuse: init (API version 7.39)
[    0.377011] integrity: Platform Keyring initialized
[    0.378091] integrity: Machine keyring initialized
[    0.378727] Freeing initrd memory: 12896K
[    0.391372] Key type asymmetric registered
[    0.391984] Asymmetric key parser 'x509' registered
[    0.392724] Block layer SCSI generic (bsg) driver version 0.4 loaded (major 243)
[    0.393919] io scheduler mq-deadline registered
[    0.394804] shpchp: Standard Hot Plug PCI Controller Driver version: 0.4
[    0.395969] input: Power Button as /devices/LNXSYSTM:00/LNXPWRBN:00/input/input0
[    0.397106] ACPI: button: Power Button [PWRF]
[    0.397793] input: Sleep Button as /devices/LNXSYSTM:00/LNXSLPBN:00/input/input1
[    0.398906] ACPI: button: Sleep Button [SLPF]
[    0.400022] Serial: 8250/16550 driver, 4 ports, IRQ sharing enabled
[    0.425547] 00:04: ttyS0 at I/O 0x3f8 (irq = 4, base_baud = 115200) is a 16550A
[    0.427554] Linux agpgart interface v0.103
[    0.429707] loop: module loaded
[    0.430390] Key type psk registered
[    0.431312] ACPI: bus type drm_connector registered
[    0.431364] nvme nvme0: pci function 0000:00:04.0
[    0.432548] tun: Universal TUN/TAP device driver, 1.6
[    0.433568] ACPI: \_SB_.LNKD: Enabled at IRQ 11
[    0.434304] PPP generic driver version 2.4.2
[    0.435964] i8042: PNP: PS/2 Controller [PNP0303:KBD,PNP0f13:MOU] at 0x60,0x64 irq 1,12
[    0.437480] i8042: Warning: Keylock active
[    0.439111] serio: i8042 KBD port at 0x60,0x64 irq 1
[    0.439920] serio: i8042 AUX port at 0x60,0x64 irq 12
[    0.441304] mousedev: PS/2 mouse device common for all mice
[    0.442590] rtc_cmos 00:00: RTC can wake from S4
[    0.443391] nvme nvme0: 2/0/0 default/read/poll queues
[    0.444812] rtc_cmos 00:00: registered as rtc0
[    0.445696] rtc_cmos 00:00: setting system clock to 2026-02-20T20:19:35 UTC (1771618775)
[    0.447058] rtc_cmos 00:00: alarms up to one day, 114 bytes nvram
[    0.448066] i2c_dev: i2c /dev entries driver
[    0.448748] device-mapper: core: CONFIG_IMA_DISABLE_HTABLE is disabled. Duplicate IMA measurements will not be recorded in the IMA log.
[    0.450540] device-mapper: uevent: version 1.0.3
[    0.451324] device-mapper: ioctl: 4.48.0-ioctl (2023-03-01) initialised: dm-devel@redhat.com
[    0.451917]  nvme0n1: p1 p14 p15
[    0.452764] intel_pstate: CPU model not supported
[    0.454132] ledtrig-cpu: registered to indicate activity on CPUs
[    0.455259] [drm] Initialized simpledrm 1.0.0 20200625 for simple-framebuffer.0 on minor 0
[    0.458069] Console: switching to colour frame buffer device 100x37
[    0.459698] simple-framebuffer simple-framebuffer.0: [drm] fb0: simpledrmdrmfb frame buffer device
[    0.461447] drop_monitor: Initializing network drop monitor service
[    0.462531] NET: Registered PF_INET6 protocol family
[    0.464168] Segment Routing with IPv6
[    0.464760] In-situ OAM (IOAM) with IPv6
[    0.465384] NET: Registered PF_PACKET protocol family
[    0.466215] Key type dns_resolver registered
[    0.467231] No MBM correction factor available
[    0.468044] IPI shorthand broadcast: enabled
[    0.470475] sched_clock: Marking stable (333001825, 137246500)->(576640586, -106392261)
[    0.471926] registered taskstats version 1
[    0.473986] Loading compiled-in X.509 certificates
[    0.476022] Loaded X.509 cert 'Build time autogenerated kernel key: 6b2f586d44651c59c81f6bb2a3803bc5b7ffc19a'
[    0.478544] Loaded X.509 cert 'Canonical Ltd. Live Patch Signing 2025 Kmod: d541cef61dc7e793b7eb7e899970a2eef0b5dc8c'
[    0.481776] Loaded X.509 cert 'Canonical Ltd. Live Patch Signing: 14df34d1a87cf37625abec039ef2bf521249b969'
[    0.484865] Loaded X.509 cert 'Canonical Ltd. Kernel Module Signing: 88f752e560a1e0737e31163a466ad7b70a850c19'
[    0.486897] blacklist: Loading compiled-in revocation X.509 certificates
[    0.488835] Loaded X.509 cert 'Canonical Ltd. Secure Boot Signing: 61482aa2830d0ab2ad5af10b7250da9033ddcef0'
[    0.491483] Loaded X.509 cert 'Canonical Ltd. Secure Boot Signing (2017): 242ade75ac4a15e50d50c84b0d45ff3eae707a03'
[    0.494273] Loaded X.509 cert 'Canonical Ltd. Secure Boot Signing (ESM 2018): 365188c1d374d6b07c3c8f240f8ef722433d6a8b'
[    0.497080] Loaded X.509 cert 'Canonical Ltd. Secure Boot Signing (2019): c0746fd6c5da3ae827864651ad66ae47fe24b3e8'
[    0.499877] Loaded X.509 cert 'Canonical Ltd. Secure Boot Signing (2021 v1): a8d54bbb3825cfb94fa13c9f8a594a195c107b8d'
[    0.502705] Loaded X.509 cert 'Canonical Ltd. Secure Boot Signing (2021 v2): 4cf046892d6fd3c9a5b03f98d845f90851dc6a8c'
[    0.505339] Loaded X.509 cert 'Canonical Ltd. Secure Boot Signing (2021 v3): 100437bb6de6e469b581e61cd66bce3ef4ed53af'
[    0.507878] Loaded X.509 cert 'Canonical Ltd. Secure Boot Signing (Ubuntu Core 2019): c1d57b8f6b743f23ee41f4f7ee292f06eecadfb9'
[    0.514492] Key type .fscrypt registered
[    0.515518] Key type fscrypt-provisioning registered
[    0.518143] Key type encrypted registered
[    0.519178] AppArmor: AppArmor sha256 policy hashing enabled
[    0.521371] ima: No TPM chip found, activating TPM-bypass!
[    0.523183] Loading compiled-in module X.509 certificates
[    0.525531] Loaded X.509 cert 'Build time autogenerated kernel key: 6b2f586d44651c59c81f6bb2a3803bc5b7ffc19a'
[    0.528303] ima: Allocated hash algorithm: sha256
[    0.529449] ima: No architecture policies found
[    0.531049] evm: Initialising EVM extended attributes:
[    0.532287] evm: security.selinux
[    0.533134] evm: security.SMACK64
[    0.533967] evm: security.SMACK64EXEC
[    0.534838] evm: security.SMACK64TRANSMUTE
[    0.535784] evm: security.SMACK64MMAP
[    0.536662] evm: security.apparmor
[    0.537497] evm: security.ima
[    0.538232] evm: security.capability
[    0.539087] evm: HMAC attrs: 0x1
[    0.540351] PM:   Magic number: 14:870:346
[    0.541416] tty tty63: hash matches
[    0.546889] RAS: Correctable Errors collector initialized.
[    0.548193] clk: Disabling unused clocks
[    0.950945] input: AT Translated Set 2 keyboard as /devices/platform/i8042/serio0/input/input2
[    0.953402] md: Waiting for all devices to be available before autodetect
[    0.954491] md: If you don't use raid, use raid=noautodetect
[    0.956085] md: Autodetecting RAID arrays.
[    0.957304] md: autorun ...
[    0.957787] md: ... autorun DONE.
[    0.964863] EXT4-fs (nvme0n1p1): mounted filesystem 2c2574b7-de75-4c93-ba58-7a715ae01e23 ro with ordered data mode. Quota mode: none.
[    0.967301] VFS: Mounted root (ext4 filesystem) readonly on device 259:1.
[    0.969189] devtmpfs: mounted
[    0.971610] Freeing unused decrypted memory: 2028K
[    0.973559] Freeing unused kernel image (initmem) memory: 5024K
[    0.975082] Write protecting the kernel read-only data: 36864k
[    0.976399] Freeing unused kernel image (rodata/data gap) memory: 284K
[    1.030093] x86/mm: Checked W+X mappings: passed, no W+X pages found.
[    1.031120] x86/mm: Checking user space page tables
[    1.083271] x86/mm: Checked W+X mappings: passed, no W+X pages found.
[    1.084326] Run /sbin/init as init process
[    1.228258] systemd[1]: Inserted module 'autofs4'
[    1.260341] systemd[1]: systemd 249.11-0ubuntu3.17 running in system mode (+PAM +AUDIT +SELINUX +APPARMOR +IMA +SMACK +SECCOMP +GCRYPT +GNUTLS +OPENSSL +ACL +BLKID +CURL +ELFUTILS +FIDO2 +IDN2 -IDN +IPTC +KMOD +LIBCRYPTSETUP +LIBFDISK +PCRE2 -PWQUALITY -P11KIT -QRENCODE +BZIP2 +LZ4 +XZ +ZLIB +ZSTD -XKBCOMMON +UTMP +SYSVINIT default-hierarchy=unified)
[    1.266200] systemd[1]: Detected virtualization amazon.
[    1.267297] systemd[1]: Detected architecture x86-64.

Welcome to [1mUbuntu 22.04.5 LTS[0m!

[    1.271114] systemd[1]: Hostname set to <ubuntu>.
[    1.276437] systemd[1]: Initializing machine ID from VM UUID.
[    1.277469] systemd[1]: Installed transient /etc/machine-id file.
[    1.353350] block nvme0n1: the capability attribute has been deprecated.
[    1.461769] systemd[1]: Configuration file /run/systemd/system/netplan-ovs-cleanup.service is marked world-inaccessible. This has no effect as configuration data is accessible via APIs without restrictions. Proceeding anyway.
[    1.500197] systemd[1]: /lib/systemd/system/snapd.service:23: Unknown key name 'RestartMode' in section 'Service', ignoring.
[    1.634192] systemd[1]: Queued start job for default target Graphical Interface.
[    1.643995] systemd[1]: Created slice Slice /system/modprobe.
[[0;32m  OK  [0m] Created slice [0;1;39mSlice /system/modprobe[0m.
[    1.647439] systemd[1]: Created slice Slice /system/serial-getty.
[[0;32m  OK  [0m] Created slice [0;1;39mSlice /system/serial-getty[0m.
[    1.650823] systemd[1]: Created slice Slice /system/systemd-fsck.
[[0;32m  OK  [0m] Created slice [0;1;39mSlice /system/systemd-fsck[0m.
[    1.653456] systemd[1]: Created slice User and Session Slice.
[[0;32m  OK  [0m] Created slice [0;1;39mUser and Session Slice[0m.
[    1.655657] systemd[1]: Started Forward Password Requests to Wall Directory Watch.
[[0;32m  OK  [0m] Started [0;1;39mForward Password R…uests to Wall Directory Watch[0m.
[    1.658580] systemd[1]: Set up automount Arbitrary Executable File Formats File System Automount Point.
[[0;32m  OK  [0m] Set up automount [0;1;39mArbitrary…s File System Automount Point[0m.
[    1.662685] systemd[1]: Reached target Slice Units.
[[0;32m  OK  [0m] Reached target [0;1;39mSlice Units[0m.
[    1.664651] systemd[1]: Reached target Mounting snaps.
[[0;32m  OK  [0m] Reached target [0;1;39mMounting snaps[0m.
[    1.666719] systemd[1]: Reached target Swaps.
[[0;32m  OK  [0m] Reached target [0;1;39mSwaps[0m.
[    1.668539] systemd[1]: Reached target System Time Set.
[[0;32m  OK  [0m] Reached target [0;1;39mSystem Time Set[0m.
[    1.670600] systemd[1]: Reached target Local Verity Protected Volumes.
[[0;32m  OK  [0m] Reached target [0;1;39mLocal Verity Protected Volumes[0m.
[    1.674084] systemd[1]: Listening on Device-mapper event daemon FIFOs.
[[0;32m  OK  [0m] Listening on [0;1;39mDevice-mapper event daemon FIFOs[0m.
[    1.676926] systemd[1]: Listening on LVM2 poll daemon socket.
[[0;32m  OK  [0m] Listening on [0;1;39mLVM2 poll daemon socket[0m.
[    1.679280] systemd[1]: Listening on multipathd control socket.
[[0;32m  OK  [0m] Listening on [0;1;39mmultipathd control socket[0m.
[    1.682063] systemd[1]: Listening on Syslog Socket.
[[0;32m  OK  [0m] Listening on [0;1;39mSyslog Socket[0m.
[    1.684486] systemd[1]: Listening on fsck to fsckd communication Socket.
[[0;32m  OK  [0m] Listening on [0;1;39mfsck to fsckd communication Socket[0m.
[    1.687011] systemd[1]: Listening on initctl Compatibility Named Pipe.
[[0;32m  OK  [0m] Listening on [0;1;39minitctl Compatibility Named Pipe[0m.
[    1.689777] systemd[1]: Listening on Journal Audit Socket.
[[0;32m  OK  [0m] Listening on [0;1;39mJournal Audit Socket[0m.
[    1.692052] systemd[1]: Listening on Journal Socket (/dev/log).
[[0;32m  OK  [0m] Listening on [0;1;39mJournal Socket (/dev/log)[0m.
[    1.694796] systemd[1]: Listening on Journal Socket.
[[0;32m  OK  [0m] Listening on [0;1;39mJournal Socket[0m.
[    1.697302] systemd[1]: Listening on Network Service Netlink Socket.
[[0;32m  OK  [0m] Listening on [0;1;39mNetwork Service Netlink Socket[0m.
[    1.699903] systemd[1]: Listening on udev Control Socket.
[[0;32m  OK  [0m] Listening on [0;1;39mudev Control Socket[0m.
[    1.702040] systemd[1]: Listening on udev Kernel Socket.
[[0;32m  OK  [0m] Listening on [0;1;39mudev Kernel Socket[0m.
[    1.714422] systemd[1]: Mounting Huge Pages File System...
         Mounting [0;1;39mHuge Pages File System[0m...
[    1.718031] systemd[1]: Mounting POSIX Message Queue File System...
         Mounting [0;1;39mPOSIX Message Queue File System[0m...
[    1.721853] systemd[1]: Mounting Kernel Debug File System...
         Mounting [0;1;39mKernel Debug File System[0m...
[    1.725319] systemd[1]: Mounting Kernel Trace File System...
         Mounting [0;1;39mKernel Trace File System[0m...
[    1.729565] systemd[1]: Starting Journal Service...
         Starting [0;1;39mJournal Service[0m...
[    1.733596] systemd[1]: Starting Set the console keyboard layout...
         Starting [0;1;39mSet the console keyboard layout[0m...
[    1.737793] systemd[1]: Starting Create List of Static Device Nodes...
         Starting [0;1;39mCreate List of Static Device Nodes[0m...
[    1.742342] systemd[1]: Starting Monitoring of LVM2 mirrors, snapshots etc. using dmeventd or progress polling...
         Starting [0;1;39mMonitoring of LVM…meventd or progress polling[0m...
[    1.747982] systemd[1]: Condition check resulted in LXD - agent being skipped.
[    1.755410] systemd[1]: Starting Load Kernel Module configfs...
         Starting [0;1;39mLoad Kernel Module configfs[0m...
[    1.762331] systemd[1]: Starting Load Kernel Module drm...
         Starting [0;1;39mLoad Kernel Module drm[0m...
[    1.769789] systemd[1]: Starting Load Kernel Module efi_pstore...
         Starting [0;1;39mLoad Kernel Module efi_pstore[0m...
[    1.777031] pstore: Using crash dump compression: deflate
[    1.779538] systemd[1]: Starting Load Kernel Module fuse...
         Starting [0;1;39mLoad Kernel Module fuse[0m...
[    1.783098] pstore: Registered efi_pstore as persistent store backend
[    1.784332] systemd[1]: Condition check resulted in OpenVSwitch configuration for cleanup being skipped.
[    1.787619] systemd[1]: Starting File System Check on Root Device...
         Starting [0;1;39mFile System Check on Root Device[0m...
[    1.793453] systemd[1]: Starting Load Kernel Modules...
         Starting [0;1;39mLoad Kernel Modules[0m...
[    1.799321] systemd[1]: Starting Coldplug All udev Devices...
         Starting [0;1;39mColdplug All udev Devices[0m...
[    1.806803] systemd[1]: Started Journal Service.
[[0;32m  OK  [0m] Started [0;1;39mJournal Service[0m.
[[0;32m  OK  [0m] Mounted [0;1;39mHuge Pages File System[0m.
[[0;32m  OK  [0m] Mounted [0;1;39mPOSIX Message Queue File System[0m.
[[0;32m  OK  [0m] Mounted [0;1;39mKernel Debug File System[0m.
[[0;32m  OK  [0m] Mounted [0;1;39mKernel Trace File System[0m.
[[0;32m  OK  [0m] Finished [0;1;39mCreate List of Static Device Nodes[0m.
[[0;32m  OK  [0m] Finished [0;1;39mLoad Kernel Module configfs[0m.
[[0;32m  OK  [0m] Finished [0;1;39mLoad Kernel Module drm[0m.
[[0;32m  OK  [0m] Finished [0;1;39mLoad Kernel Module efi_pstore[0m.
[[0;32m  OK  [0m] Finished [0;1;39mLoad Kernel Module fuse[0m.
[[0;32m  OK  [0m] Finished [0;1;39mLoad Kernel Modules[0m.
[[0;32m  OK  [0m] Finished [0;1;39mFile System Check on Root Device[0m.
[[0;32m  OK  [0m] Finished [0;1;39mSet the console keyboard layout[0m.
         Mounting [0;1;39mFUSE Control File System[0m...
         Mounting [0;1;39mKernel Configuration File System[0m...
[[0;32m  OK  [0m] Started [0;1;39mFile System Check Daemon to report status[0m.
         Starting [0;1;39mRemount Root and Kernel File Systems[0m...
         Starting [0;1;39mApply Kernel Variables[0m...
[[0;32m  OK  [0m] Mounted [0;1;39mFUSE Control File System[0m.
[[0;32m  OK  [0m] Mounted [0;1;39mKernel Configuration File System[0m.
[[0;32m  OK  [0m] Finished [0;1;39mApply Kernel Variables[0m.
[[0;32m  OK  [0m] Finished [0;1;39mColdplug All udev Devices[0m.
[[0;32m  OK  [0m] Finished [0;1;39mRemount Root and Kernel File Systems[0m.
         Starting [0;1;39mDevice-Mapper Multipath Device Controller[0m...
         Starting [0;1;39mFlush Journal to Persistent Storage[0m...
         Starting [0;1;39mLoad/Save Random Seed[0m...
         Starting [0;1;39mCreate System Users[0m...
[[0;32m  OK  [0m] Finished [0;1;39mLoad/Save Random Seed[0m.
[[0;32m  OK  [0m] Finished [0;1;39mCreate System Users[0m.
         Starting [0;1;39mCreate Static Device Nodes in /dev[0m...
[[0;32m  OK  [0m] Finished [0;1;39mFlush Journal to Persistent Storage[0m.
[[0;32m  OK  [0m] Finished [0;1;39mCreate Static Device Nodes in /dev[0m.
         Starting [0;1;39mRule-based Manage…for Device Events and Files[0m...
[[0;32m  OK  [0m] Started [0;1;39mDevice-Mapper Multipath Device Controller[0m.
[[0;32m  OK  [0m] Started [0;1;39mRule-based Manager for Device Events and Files[0m.
[[0;32m  OK  [0m] Started [0;1;39mDispatch Password …ts to Console Directory Watch[0m.
[[0;32m  OK  [0m] Reached target [0;1;39mLocal Encrypted Volumes[0m.
[[0;32m  OK  [0m] Found device [0;1;39m/dev/ttyS0[0m.
[[0;32m  OK  [0m] Listening on [0;1;39mLoad/Save RF …itch Status /dev/rfkill Watch[0m.
[[0;32m  OK  [0m] Found device [0;1;39mAmazon Elastic Block Store UEFI[0m.
[[0;32m  OK  [0m] Finished [0;1;39mMonitoring of LVM… dmeventd or progress polling[0m.
[[0;32m  OK  [0m] Reached target [0;1;39mPreparation for Local File Systems[0m.
         Mounting [0;1;39mMount unit for am…n-ssm-agent, revision 12322[0m...
         Mounting [0;1;39mMount unit for core20, revision 2686[0m...
         Mounting [0;1;39mMount unit for core22, revision 2292[0m...
         Mounting [0;1;39mMount unit for lxd, revision 36918[0m...
         Mounting [0;1;39mMount unit for snapd, revision 25935[0m...
         Starting [0;1;39mFile System Check on /dev/disk/by-label/UEFI[0m...
[[0;32m  OK  [0m] Mounted [0;1;39mMount unit for amazon-ssm-agent, revision 12322[0m.
[[0;32m  OK  [0m] Mounted [0;1;39mMount unit for core20, revision 2686[0m.
[[0;32m  OK  [0m] Mounted [0;1;39mMount unit for core22, revision 2292[0m.
[[0;32m  OK  [0m] Mounted [0;1;39mMount unit for lxd, revision 36918[0m.
[[0;32m  OK  [0m] Mounted [0;1;39mMount unit for snapd, revision 25935[0m.
[[0;32m  OK  [0m] Reached target [0;1;39mMounted snaps[0m.
[[0;32m  OK  [0m] Finished [0;1;39mFile System Check on /dev/disk/by-label/UEFI[0m.
         Mounting [0;1;39m/boot/efi[0m...
[[0;32m  OK  [0m] Mounted [0;1;39m/boot/efi[0m.
[[0;32m  OK  [0m] Reached target [0;1;39mLocal File Systems[0m.
         Starting [0;1;39mLoad AppArmor profiles[0m...
         Starting [0;1;39mSet console font and keymap[0m...
         Starting [0;1;39mCreate final runt…dir for shutdown pivot root[0m...
         Starting [0;1;39mTell Plymouth To Write Out Runtime Data[0m...
         Starting [0;1;39mSet Up Additional Binary Formats[0m...
         Starting [0;1;39mCommit a transient machine-id on disk[0m...
         Starting [0;1;39mCreate Volatile Files and Directories[0m...
         Starting [0;1;39mUncomplicated firewall[0m...
[[0;32m  OK  [0m] Finished [0;1;39mSet console font and keymap[0m.
[[0;32m  OK  [0m] Finished [0;1;39mCreate final runt…e dir for shutdown pivot root[0m.
[[0;32m  OK  [0m] Finished [0;1;39mTell Plymouth To Write Out Runtime Data[0m.
         Mounting [0;1;39mArbitrary Executable File Formats File System[0m...
[[0;32m  OK  [0m] Finished [0;1;39mUncomplicated firewall[0m.
[[0;32m  OK  [0m] Finished [0;1;39mCreate Volatile Files and Directories[0m.
[[0;32m  OK  [0m] Mounted [0;1;39mArbitrary Executable File Formats File System[0m.
         Starting [0;1;39mRecord System Boot/Shutdown in UTMP[0m...
[[0;32m  OK  [0m] Finished [0;1;39mSet Up Additional Binary Formats[0m.
[[0;32m  OK  [0m] Finished [0;1;39mRecord System Boot/Shutdown in UTMP[0m.
[[0;32m  OK  [0m] Finished [0;1;39mCommit a transient machine-id on disk[0m.
[[0;32m  OK  [0m] Finished [0;1;39mLoad AppArmor profiles[0m.
         Starting [0;1;39mLoad AppArmor pro…managed internally by snapd[0m...
         Starting [0;1;39mCloud-init: Local Stage (pre-network)[0m...
[[0;32m  OK  [0m] Finished [0;1;39mLoad AppArmor pro…s managed internally by snapd[0m.
[    3.523758] cloud-init[319]: Cloud-init v. 25.3-0ubuntu1~22.04.1 running 'init-local' at Fri, 20 Feb 2026 20:19:38 +0000. Up 3.49 seconds.
[[0;32m  OK  [0m] Finished [0;1;39mCloud-init: Local Stage (pre-network)[0m.
[[0;32m  OK  [0m] Reached target [0;1;39mPreparation for Network[0m.
         Starting [0;1;39mNetwork Configuration[0m...
[[0;32m  OK  [0m] Started [0;1;39mNetwork Configuration[0m.
         Starting [0;1;39mWait for Network to be Configured[0m...
         Starting [0;1;39mNetwork Name Resolution[0m...
[[0;32m  OK  [0m] Started [0;1;39mNetwork Name Resolution[0m.
[[0;32m  OK  [0m] Reached target [0;1;39mNetwork[0m.
[[0;32m  OK  [0m] Reached target [0;1;39mHost and Network Name Lookups[0m.
[[0;32m  OK  [0m] Finished [0;1;39mWait for Network to be Configured[0m.
         Starting [0;1;39mCloud-init: Network Stage[0m...
[    5.748260] cloud-init[362]: Cloud-init v. 25.3-0ubuntu1~22.04.1 running 'init' at Fri, 20 Feb 2026 20:19:40 +0000. Up 5.72 seconds.
[    5.761130] cloud-init[362]: ci-info: ++++++++++++++++++++++++++++++++++++++Net device info++++++++++++++++++++++++++++++++++++++
[    5.763269] cloud-init[362]: ci-info: +--------+------+----------------------------+---------------+--------+-------------------+
[    5.765299] cloud-init[362]: ci-info: | Device |  Up  |          Address           |      Mask     | Scope  |     Hw-Address    |
[    5.767308] cloud-init[362]: ci-info: +--------+------+----------------------------+---------------+--------+-------------------+
[    5.769246] cloud-init[362]: ci-info: |  ens5  | True |         10.0.1.16          | 255.255.255.0 | global | 02:a2:82:5a:9a:43 |
[    5.771240] cloud-init[362]: ci-info: |  ens5  | True | fe80::a2:82ff:fe5a:9a43/64 |       .       |  link  | 02:a2:82:5a:9a:43 |
[    5.773171] cloud-init[362]: ci-info: |   lo   | True |         127.0.0.1          |   255.0.0.0   |  host  |         .         |
[    5.775200] cloud-init[362]: ci-info: |   lo   | True |          ::1/128           |       .       |  host  |         .         |
[    5.777388] cloud-init[362]: ci-info: +--------+------+----------------------------+---------------+--------+-------------------+
[    5.779582] cloud-init[362]: ci-info: ++++++++++++++++++++++++++++Route IPv4 info+++++++++++++++++++++++++++++
[    5.781325] cloud-init[362]: ci-info: +-------+-------------+----------+-----------------+-----------+-------+
[    5.783095] cloud-init[362]: ci-info: | Route | Destination | Gateway  |     Genmask     | Interface | Flags |
[    5.785068] cloud-init[362]: ci-info: +-------+-------------+----------+-----------------+-----------+-------+
[    5.787104] cloud-init[362]: ci-info: |   0   |   0.0.0.0   | 10.0.1.1 |     0.0.0.0     |    ens5   |   UG  |
[    5.788972] cloud-init[362]: ci-info: |   1   |   10.0.0.2  | 10.0.1.1 | 255.255.255.255 |    ens5   |  UGH  |
[    5.791010] cloud-init[362]: ci-info: |   2   |   10.0.1.0  | 0.0.0.0  |  255.255.255.0  |    ens5   |   U   |
[    5.792769] cloud-init[362]: ci-info: |   3   |   10.0.1.1  | 0.0.0.0  | 255.255.255.255 |    ens5   |   UH  |
[    5.794750] cloud-init[362]: ci-info: +-------+-------------+----------+-----------------+-----------+-------+
[    5.796992] cloud-init[362]: ci-info: +++++++++++++++++++Route IPv6 info+++++++++++++++++++
[    5.798551] cloud-init[362]: ci-info: +-------+-------------+---------+-----------+-------+
[    5.800046] cloud-init[362]: ci-info: | Route | Destination | Gateway | Interface | Flags |
[    5.801519] cloud-init[362]: ci-info: +-------+-------------+---------+-----------+-------+
[    5.803052] cloud-init[362]: ci-info: |   1   |  fe80::/64  |    ::   |    ens5   |   U   |
[    5.804556] cloud-init[362]: ci-info: |   3   |    local    |    ::   |    ens5   |   U   |
[    5.806406] cloud-init[362]: ci-info: |   4   |  multicast  |    ::   |    ens5   |   U   |
[    5.807853] cloud-init[362]: ci-info: +-------+-------------+---------+-----------+-------+
[    6.518261] cloud-init[362]: Generating public/private rsa key pair.
[    6.519584] cloud-init[362]: Your identification has been saved in /etc/ssh/ssh_host_rsa_key
[    6.521140] cloud-init[362]: Your public key has been saved in /etc/ssh/ssh_host_rsa_key.pub
[    6.522813] cloud-init[362]: The key fingerprint is:
[    6.523796] cloud-init[362]: SHA256:nYabvPAhn70WliFLYRZDcOqP4P4xRU8orxSs6VfvTKg root@ip-10-0-1-16
[    6.526545] cloud-init[362]: The key's randomart image is:
[    6.527704] cloud-init[362]: +---[RSA 3072]----+
[    6.528630] cloud-init[362]: |      .o=.       |
[    6.529563] cloud-init[362]: |     . o+o       |
[    6.530460] cloud-init[362]: |      =oo..      |
[    6.531497] cloud-init[362]: |     + =o=..     |
[    6.532401] cloud-init[362]: |    + o.So=o     |
[    6.533298] cloud-init[362]: |   o o B.*+      |
[    6.534352] cloud-init[362]: |    o O B.o.     |
[    6.543502] cloud-init[362]: |   . . O O.      |
[    6.544454] cloud-init[362]: |    ..E =.=.     |
[    6.545353] cloud-init[362]: +----[SHA256]-----+
[    6.546228] cloud-init[362]: Generating public/private ecdsa key pair.
[    6.547442] cloud-init[362]: Your identification has been saved in /etc/ssh/ssh_host_ecdsa_key
[    6.548956] cloud-init[362]: Your public key has been saved in /etc/ssh/ssh_host_ecdsa_key.pub
[    6.550562] cloud-init[362]: The key fingerprint is:
[    6.551536] cloud-init[362]: SHA256:lpCcNiznrGaumwyiLn05Dcn8HzkB5SosKygCqHL1pqU root@ip-10-0-1-16
[    6.553058] cloud-init[362]: The key's randomart image is:
[    6.554070] cloud-init[362]: +---[ECDSA 256]---+
[    6.554949] cloud-init[362]: |        .        |
[    6.555806] cloud-init[362]: |     o =         |
[    6.556668] cloud-init[362]: |    . @ .        |
[    6.557562] cloud-init[362]: |.  . * = .       |
[    6.558450] cloud-init[362]: |o .o+.+ S        |
[    6.559461] cloud-init[362]: |+  +=+ . o       |
[    6.560336] cloud-init[362]: |X.o +=+ +        |
[    6.561248] cloud-init[362]: |B=.=+=o  o       |
[    6.562093] cloud-init[362]: |+.=+E. ..        |
[    6.563167] cloud-init[362]: +----[SHA256]-----+
[    6.564126] cloud-init[362]: Generating public/private ed25519 key pair.
[    6.565334] cloud-init[362]: Your identification has been saved in /etc/ssh/ssh_host_ed25519_key
[    6.566972] cloud-init[362]: Your public key has been saved in /etc/ssh/ssh_host_ed25519_key.pub
[    6.568571] cloud-init[362]: The key fingerprint is:
[    6.569498] cloud-init[362]: SHA256:oHoMaorCtuPN6b0Vuew74P/jkwt8rAxbI21lQz8WAxs root@ip-10-0-1-16
[    6.571060] cloud-init[362]: The key's randomart image is:
[    6.572033] cloud-init[362]: +--[ED25519 256]--+
[    6.572893] cloud-init[362]: |         E       |
[    6.573736] cloud-init[362]: |          +      |
[    6.574627] cloud-init[362]: |      .  o o     |
[    6.575512] cloud-init[362]: |     . .o . o    |
[    6.576355] cloud-init[362]: |  . .  oS+ +     |
[    6.577233] cloud-init[362]: | . + .+ * o .    |
[    6.578141] cloud-init[362]: |o.. +o.@ o.      |
[    6.579168] cloud-init[362]: |=+o.o.X.=+       |
[    6.580054] cloud-init[362]: |*o+= +o*=++      |
[    6.580935] cloud-init[362]: +----[SHA256]-----+
[[0;32m  OK  [0m] Finished [0;1;39mCloud-init: Network Stage[0m.
[[0;32m  OK  [0m] Reached target [0;1;39mCloud-config availability[0m.
[[0;32m  OK  [0m] Reached target [0;1;39mNetwork is Online[0m.
[[0;32m  OK  [0m] Reached target [0;1;39mSystem Initialization[0m.
[[0;32m  OK  [0m] Started [0;1;39mACPI Events Check[0m.
[[0;32m  OK  [0m] Started [0;1;39mDaily Cleanup of Temporary Directories[0m.
[[0;32m  OK  [0m] Started [0;1;39mDownload data for …ailed at package install time[0m.
[[0;32m  OK  [0m] Reached target [0;1;39mPath Units[0m.
[[0;32m  OK  [0m] Listening on [0;1;39mACPID Listen Socket[0m.
[[0;32m  OK  [0m] Listening on [0;1;39mcloud-init hotplug hook socket[0m.
[[0;32m  OK  [0m] Listening on [0;1;39mD-Bus System Message Bus Socket[0m.
[[0;32m  OK  [0m] Listening on [0;1;39mOpen-iSCSI iscsid Socket[0m.
         Starting [0;1;39mSocket activation for snappy daemon[0m...
[[0;32m  OK  [0m] Listening on [0;1;39mUUID daemon activation socket[0m.
[[0;32m  OK  [0m] Reached target [0;1;39mPreparation for Remote File Systems[0m.
[[0;32m  OK  [0m] Reached target [0;1;39mRemote File Systems[0m.
[[0;32m  OK  [0m] Finished [0;1;39mAvailability of block devices[0m.
[[0;32m  OK  [0m] Listening on [0;1;39mSocket activation for snappy daemon[0m.
[[0;32m  OK  [0m] Reached target [0;1;39mSocket Units[0m.
[[0;32m  OK  [0m] Reached target [0;1;39mBasic System[0m.
[[0;32m  OK  [0m] Started [0;1;39mACPI event daemon[0m.
         Starting [0;1;39mLSB: automatic crash report generation[0m...
         Starting [0;1;39mchrony, an NTP client/server[0m...
[[0;32m  OK  [0m] Started [0;1;39mRegular background program processing daemon[0m.
[[0;32m  OK  [0m] Started [0;1;39mD-Bus System Message Bus[0m.
[[0;32m  OK  [0m] Started [0;1;39mSave initial kernel messages after boot[0m.
         Starting [0;1;39mRemove Stale Onli…t4 Metadata Check Snapshots[0m...
         Starting [0;1;39mEC2 Instance Connect Host Key Harvesting[0m...
         Starting [0;1;39mRecord successful boot for GRUB[0m...
[[0;32m  OK  [0m] Started [0;1;39mirqbalance daemon[0m.
         Starting [0;1;39mDispatcher daemon for systemd-networkd[0m...
         Starting [0;1;39mPollinate to seed…udo random number generator[0m...
         Starting [0;1;39mSystem Logging Service[0m...
[[0;32m  OK  [0m] Reached target [0;1;39mPreparation for Logins[0m.
         Starting [0;1;39mWait until snapd is fully seeded[0m...
         Starting [0;1;39mSnap Daemon[0m...
         Starting [0;1;39mUser Login Management[0m...
         Starting [0;1;39mPermit User Sessions[0m...
[[0;32m  OK  [0m] Finished [0;1;39mPermit User Sessions[0m.
         Starting [0;1;39mHold until boot process finishes up[0m...
         Starting [0;1;39mTerminate Plymouth Boot Screen[0m...
[[0;32m  OK  [0m] Started [0;1;39mSystem Logging Service[0m.
[[0;32m  OK  [0m] Finished [0;1;39mRemove Stale Onli…ext4 Metadata Check Snapshots[0m.
[[0;32m  OK  [0m] Finished [0;1;39mHold until boot process finishes up[0m.
[[0;32m  OK  [0m] Finished [0;1;39mTerminate Plymouth Boot Screen[0m.
[[0;32m  OK  [0m] Finished [0;1;39mRecord successful boot for GRUB[0m.
         Starting [0;1;39mGRUB failed boot detection[0m...
[[0;32m  OK  [0m] Started [0;1;39mSerial Getty on ttyS0[0m.
         Starting [0;1;39mSet console scheme[0m...
         Starting [0;1;39mHostname Service[0m...
[[0;32m  OK  [0m] Started [0;1;39mLSB: automatic crash report generation[0m.
[[0;32m  OK  [0m] Started [0;1;39mchrony, an NTP client/server[0m.
[[0;32m  OK  [0m] Finished [0;1;39mSet console scheme[0m.
[[0;32m  OK  [0m] Created slice [0;1;39mSlice /system/getty[0m.
[[0;32m  OK  [0m] Reached target [0;1;39mSystem Time Synchronized[0m.
[[0;32m  OK  [0m] Started [0;1;39mDaily apt download activities[0m.
[[0;32m  OK  [0m] Started [0;1;39mDaily apt upgrade and clean activities[0m.
[[0;32m  OK  [0m] Started [0;1;39mDaily dpkg database backup timer[0m.
[[0;32m  OK  [0m] Started [0;1;39mPeriodic ext4 Onli…ata Check for All Filesystems[0m.
[[0;32m  OK  [0m] Started [0;1;39mDiscard unused blocks once a week[0m.
[[0;32m  OK  [0m] Started [0;1;39mDaily rotation of log files[0m.
[[0;32m  OK  [0m] Started [0;1;39mDaily man-db regeneration[0m.
[[0;32m  OK  [0m] Started [0;1;39mMessage of the Day[0m.
[[0;32m  OK  [0m] Started [0;1;39mCheck to see wheth…w version of Ubuntu available[0m.
[[0;32m  OK  [0m] Reached target [0;1;39mTimer Units[0m.
[[0;32m  OK  [0m] Started [0;1;39mGetty on tty1[0m.
[[0;32m  OK  [0m] Reached target [0;1;39mLogin Prompts[0m.
[[0;32m  OK  [0m] Finished [0;1;39mGRUB failed boot detection[0m.
[[0;32m  OK  [0m] Started [0;1;39mUser Login Management[0m.
[[0;32m  OK  [0m] Started [0;1;39mUnattended Upgrades Shutdown[0m.
[[0;32m  OK  [0m] Started [0;1;39mDispatcher daemon for systemd-networkd[0m.
[[0;32m  OK  [0m] Started [0;1;39mHostname Service[0m.
         Starting [0;1;39mAuthorization Manager[0m...
[[0;32m  OK  [0m] Started [0;1;39mAuthorization Manager[0m.
[[0;32m  OK  [0m] Finished [0;1;39mEC2 Instance Connect Host Key Harvesting[0m.
[[0;32m  OK  [0m] Finished [0;1;39mPollinate to seed…seudo random number generator[0m.
         Starting [0;1;39mOpenBSD Secure Shell server[0m...
[[0;32m  OK  [0m] Started [0;1;39mOpenBSD Secure Shell server[0m.
[[0;32m  OK  [0m] Started [0;1;39mSnap Daemon[0m.
[[0;32m  OK  [0m] Started [0;1;39msnap.lxd.hook.inst…-4290-a5ba-6c311a4cceec.scope[0m.
[[0;32m  OK  [0m] Listening on [0;1;39mSocket unix for snap application lxd.daemon[0m.
[[0;32m  OK  [0m] Listening on [0;1;39mSocket unix f…p application lxd.user-daemon[0m.
         Starting [0;1;39mService for snap application lxd.activate[0m...
[[0;32m  OK  [0m] Finished [0;1;39mService for snap application lxd.activate[0m.
[[0;32m  OK  [0m] Started [0;1;39msnap.lxd.hook.conf…-4407-a573-9d9335f13724.scope[0m.
[[0;32m  OK  [0m] Started [0;1;39mService for snap a…on-ssm-agent.amazon-ssm-agent[0m.
         Starting [0;1;39mTime & Date Service[0m...
[[0;32m  OK  [0m] Started [0;1;39mTime & Date Service[0m.
2026/02/20 20:19:47Z: SSM Agent unable to acquire credentials: <error>no valid credentials could be retrieved for ec2 identity. Default Host Management Err: error calling RequestManagedInstanceRoleToken: AccessDeniedException: Systems Manager's instance management role is not configured for account: 971422698566
	status code: 400, request id: 729b3364-1c91-463f-8bf7-6e5a3f6e333a</error>

Ubuntu 22.04.5 LTS ip-10-0-1-16 ttyS0
ip-10-0-1-16 login: [   12.882624] cloud-init[1156]: Cloud-init v. 25.3-0ubuntu1~22.04.1 running 'modules:config' at Fri, 20 Feb 2026 20:19:48 +0000. Up 12.83 seconds.
[   13.918328] cloud-init[1171]: Cloud-init v. 25.3-0ubuntu1~22.04.1 running 'modules:final' at Fri, 20 Feb 2026 20:19:49 +0000. Up 13.87 seconds.
[   13.954055] cloud-init[1171]: 2026-02-20 20:19:49,145 - cc_scripts_user.py[WARNING]: Failed to run module scripts_user (scripts in /var/lib/cloud/instance/scripts)
[   13.954338] cloud-init[1171]: 2026-02-20 20:19:49,145 - log_util.py[WARNING]: Running module scripts_user (<module 'cloudinit.config.cc_scripts_user' from '/usr/lib/python3/dist-packages/cloudinit/config/cc_scripts_user.py'>) failed
ci-info: no authorized SSH keys fingerprints found for user ubuntu.
<14>Feb 20 20:19:49 cloud-init: #############################################################
<14>Feb 20 20:19:49 cloud-init: -----BEGIN SSH HOST KEY FINGERPRINTS-----
<14>Feb 20 20:19:49 cloud-init: 256 SHA256:lpCcNiznrGaumwyiLn05Dcn8HzkB5SosKygCqHL1pqU root@ip-10-0-1-16 (ECDSA)
<14>Feb 20 20:19:49 cloud-init: 256 SHA256:oHoMaorCtuPN6b0Vuew74P/jkwt8rAxbI21lQz8WAxs root@ip-10-0-1-16 (ED25519)
<14>Feb 20 20:19:49 cloud-init: 3072 SHA256:nYabvPAhn70WliFLYRZDcOqP4P4xRU8orxSs6VfvTKg root@ip-10-0-1-16 (RSA)
<14>Feb 20 20:19:49 cloud-init: -----END SSH HOST KEY FINGERPRINTS-----
<14>Feb 20 20:19:49 cloud-init: #############################################################
-----BEGIN SSH HOST KEY KEYS-----
ecdsa-sha2-nistp256 AAAAE2VjZHNhLXNoYTItbmlzdHAyNTYAAAAIbmlzdHAyNTYAAABBBL4VPmD9Lm69P17OXitt08zSYkNT+4GqO09wd3IPirB2r543CKkmcVv5Yic6cMWJZ2nM6T6HAubpZOn+hAelAgc= root@ip-10-0-1-16
ssh-ed25519 AAAAC3NzaC1lZDI1NTE5AAAAINslDiJ3Zvo8zrp0yFW7OZZnx3hRR4PoNNOcM4OnMlgx root@ip-10-0-1-16
ssh-rsa AAAAB3NzaC1yc2EAAAADAQABAAABgQDb41uTCYsJGjSayoIuuzfTNeoB2KtPowIK6Wdx9KRw1CaVP0h4AmUfR6hfQr3WRmk9XBgZPEh0junLKymuCJxMYPhbd/5n6dyfObpv88nbHWNCUgiUFaXAU8qDQjH+Dhr497LGNyHhyLl789HseciLBxkjZuc//2FX3sjAlEb6H4lg3jC7jtV8gIDWKwp2cDxCR6fkoTZwT0Pycs3/RKlN+dRYary0YKIPGmpQEWdkSttXneABpm79lpe5BhRc9ny+5iPJ/Jc/CjC9ozwUi0cP2e1wM+SNxeltKi19y4IT+lh/ob1RPNWZtXewU9Nc9d+6aIaMWMVBR8lV6HGRJbt72D8qL/BGx7uXYhFfr9PHgsD+yPCafV5wtucc1S/5E2rhpRi7fMbeys+zzpsWokgGiEVEV6PRDhbElGsSzxREsr27DufYPHcVNECpAWmFYUEqTtDc8Nn+gDByZeb5r4L3ihhkD3DlBXElDGRLIM2aaWzp9T3+uiBvH2yDxwlxSO0= root@ip-10-0-1-16
-----END SSH HOST KEY KEYS-----
[   14.036129] cloud-init[1171]: Cloud-init v. 25.3-0ubuntu1~22.04.1 finished at Fri, 20 Feb 2026 20:19:50 +0000. Datasource DataSourceEc2Local.  Up 14.02 seconds
	2026-02-20T20:27:32+00:00
